// Jest Snapshot v1, https://goo.gl/fbAQLP

exports[`<Footer /> should render component 1`] = `
<div>
  <footer
    class="container"
  >
    Â© 2021 VisitScotland. All rights reserved.
  </footer>
</div>
`;
