// Jest Snapshot v1, https://goo.gl/fbAQLP

exports[`<Banner /> should render component 1`] = `
<div>
  <div
    class="img-wrapper"
  />
</div>
`;
